============================= test session starts =============================
platform win32 -- Python 3.12.6, pytest-9.0.2, pluggy-1.6.0 -- C:\Users\Lap Market\AppData\Local\Programs\Python\Python312\python.exe
cachedir: .pytest_cache
rootdir: E:\sec term-sec year\DSP\Tasks\task2\Signal_Equalizer\backend
plugins: anyio-4.6.0
collecting ... collected 1 item

tests/test_spectrogram.py::test_custom_spectrogram_vs_scipy FAILED       [100%]

================================== FAILURES ===================================
______________________ test_custom_spectrogram_vs_scipy _______________________

    def test_custom_spectrogram_vs_scipy():
        # 1. Generate a synthetic signal (e.g., a simple sine wave)
        fs = 1000  # Sample rate
        t = np.linspace(0, 1, fs, endpoint=False)
        # 50 Hz sine wave
        x = np.sin(2 * np.pi * 50 * t)
    
        # 2. Add some noise
        x += np.random.normal(0, 0.1, x.shape)
    
        nperseg = 256
        noverlap = nperseg // 8
    
        # 3. Compute our custom spectrogram
        f_custom, t_custom, Sxx_custom = compute_spectrogram(x, fs, nperseg=nperseg, noverlap=noverlap)
    
        # 4. Compute SciPy's spectrogram for comparison
        # We force the 'hamming' window and same parameters
        f_scipy, t_scipy, Sxx_scipy = scipy_signal.spectrogram(
            x,
            fs,
            window='hamming',
            nperseg=nperseg,
            noverlap=noverlap,
            scaling='density',
            mode='psd'
        )
    
        # Check frequency axis
        np.testing.assert_allclose(f_custom, f_scipy, rtol=1e-5, atol=1e-8)
    
        # Check time axis (allowing slightly more tolerance due to frame center differences)
>       np.testing.assert_allclose(t_custom, t_scipy, rtol=1e-2, atol=1e-2)

tests\test_spectrogram.py:38: 
_ _ _ _ _ _ _ _ _ _ _ _ _ _ _ _ _ _ _ _ _ _ _ _ _ _ _ _ _ _ _ _ _ _ _ _ _ _ _ _

args = (<function assert_allclose.<locals>.compare at 0x000001FD08F29EE0>, array([0.   , 0.224, 0.448, 0.672, 0.896]), array([0.128, 0.352, 0.576, 0.8  ]))
kwds = {'equal_nan': True, 'err_msg': '', 'header': 'Not equal to tolerance rtol=0.01, atol=0.01', 'verbose': True}

    @wraps(func)
    def inner(*args, **kwds):
        with self._recreate_cm():
>           return func(*args, **kwds)
                   ^^^^^^^^^^^^^^^^^^^
E           AssertionError: 
E           Not equal to tolerance rtol=0.01, atol=0.01
E           
E           (shapes (5,), (4,) mismatch)
E            x: array([0.   , 0.224, 0.448, 0.672, 0.896])
E            y: array([0.128, 0.352, 0.576, 0.8  ])

C:\Users\Lap Market\AppData\Local\Programs\Python\Python312\Lib\contextlib.py:81: AssertionError
=========================== short test summary info ===========================
FAILED tests/test_spectrogram.py::test_custom_spectrogram_vs_scipy - Assertio...
============================== 1 failed in 3.66s ==============================
